Archive member included because of file (symbol)

c:/winavr-20100110/bin/../lib/gcc/avr/4.3.3/avrxmega6\libgcc.a(_mulsi3.o)
                              E-000001-000009__firmware_rev_1_0.o (__mulsi3)
c:/winavr-20100110/bin/../lib/gcc/avr/4.3.3/avrxmega6\libgcc.a(_udivmodhi4.o)
                              E-000001-000009__firmware_rev_1_0.o (__udivmodhi4)
c:/winavr-20100110/bin/../lib/gcc/avr/4.3.3/avrxmega6\libgcc.a(_divmodhi4.o)
                              adc_driver.o (__divmodhi4)
c:/winavr-20100110/bin/../lib/gcc/avr/4.3.3/avrxmega6\libgcc.a(_udivmodsi4.o)
                              E-000001-000009__firmware_rev_1_0.o (__udivmodsi4)
c:/winavr-20100110/bin/../lib/gcc/avr/4.3.3/avrxmega6\libgcc.a(_divmodsi4.o)
                              E-000001-000009__firmware_rev_1_0.o (__divmodsi4)
c:/winavr-20100110/bin/../lib/gcc/avr/4.3.3/avrxmega6\libgcc.a(_exit.o)
                              c:/winavr-20100110/bin/../lib/gcc/avr/4.3.3/../../../../avr/lib/avrxmega6/crtx256a3.o (exit)
c:/winavr-20100110/bin/../lib/gcc/avr/4.3.3/avrxmega6\libgcc.a(_clear_bss.o)
                              E-000001-000009__firmware_rev_1_0.o (__do_clear_bss)
c:/winavr-20100110/bin/../lib/gcc/avr/4.3.3/avrxmega6\libgcc.a(_muldi3.o)
                              E-000001-000009__firmware_rev_1_0.o (__muldi3)
c:/winavr-20100110/bin/../lib/gcc/avr/4.3.3/avrxmega6\libgcc.a(_ashldi3.o)
                              E-000001-000009__firmware_rev_1_0.o (__ashldi3)
c:/winavr-20100110/bin/../lib/gcc/avr/4.3.3/avrxmega6\libgcc.a(_ashrdi3.o)
                              E-000001-000009__firmware_rev_1_0.o (__ashrdi3)
c:/winavr-20100110/bin/../lib/gcc/avr/4.3.3/avrxmega6\libgcc.a(_divdi3.o)
                              E-000001-000009__firmware_rev_1_0.o (__divdi3)
c:/winavr-20100110/bin/../lib/gcc/avr/4.3.3/avrxmega6\libgcc.a(_prologue.o)
                              c:/winavr-20100110/bin/../lib/gcc/avr/4.3.3/avrxmega6\libgcc.a(_muldi3.o) (__prologue_saves__)
c:/winavr-20100110/bin/../lib/gcc/avr/4.3.3/avrxmega6\libgcc.a(_epilogue.o)
                              c:/winavr-20100110/bin/../lib/gcc/avr/4.3.3/avrxmega6\libgcc.a(_muldi3.o) (__epilogue_restores__)
c:/winavr-20100110/bin/../lib/gcc/avr/4.3.3/avrxmega6\libgcc.a(_clz.o)
                              c:/winavr-20100110/bin/../lib/gcc/avr/4.3.3/avrxmega6\libgcc.a(_divdi3.o) (__clz_tab)

Allocating common symbols
Common symbol       size              file

bankA_OUT           0x1               E-000001-000009__firmware_rev_1_0.o
FRAMReadBuffer      0x1c71            E-000001-000009__firmware_rev_1_0.o
FRAMAddress         0x2               E-000001-000009__firmware_rev_1_0.o
discardCount        0x1               E-000001-000009__firmware_rev_1_0.o
data24Bit           0x1000            E-000001-000009__firmware_rev_1_0.o
temp64              0x2               E-000001-000009__firmware_rev_1_0.o
SPIBuffer           0xd               E-000001-000009__firmware_rev_1_0.o
sampleCount         0x2               E-000001-000009__firmware_rev_1_0.o
bankA_DIR           0x1               E-000001-000009__firmware_rev_1_0.o
channelStatus       0x1               E-000001-000009__firmware_rev_1_0.o
bankB_OUT           0x1               E-000001-000009__firmware_rev_1_0.o
temp32              0x2               E-000001-000009__firmware_rev_1_0.o
sumFRAM             0x18              E-000001-000009__firmware_rev_1_0.o
SPICount            0x1               E-000001-000009__firmware_rev_1_0.o
bankB_DIR           0x1               E-000001-000009__firmware_rev_1_0.o

Memory Configuration

Name             Origin             Length             Attributes
text             0x00000000         0x00100000         xr
data             0x00802000         0x0000ffa0         rw !x
eeprom           0x00810000         0x00010000         rw !x
fuse             0x00820000         0x00000400         rw !x
lock             0x00830000         0x00000400         rw !x
signature        0x00840000         0x00000400         rw !x
*default*        0x00000000         0xffffffff

Linker script and memory map

LOAD c:/winavr-20100110/bin/../lib/gcc/avr/4.3.3/../../../../avr/lib/avrxmega6/crtx256a3.o
LOAD board_checkout.o
LOAD adc_driver.o
LOAD clksys_driver.o
LOAD E-000001-000009__firmware_rev_1_0.o
LOAD c:/winavr-20100110/bin/../lib/gcc/avr/4.3.3/avrxmega6\libgcc.a
LOAD c:/winavr-20100110/bin/../lib/gcc/avr/4.3.3/../../../../avr/lib/avrxmega6\libc.a
LOAD c:/winavr-20100110/bin/../lib/gcc/avr/4.3.3/avrxmega6\libgcc.a

.hash
 *(.hash)

.dynsym
 *(.dynsym)

.dynstr
 *(.dynstr)

.gnu.version
 *(.gnu.version)

.gnu.version_d
 *(.gnu.version_d)

.gnu.version_r
 *(.gnu.version_r)

.rel.init
 *(.rel.init)

.rela.init
 *(.rela.init)

.rel.text
 *(.rel.text)
 *(.rel.text.*)
 *(.rel.gnu.linkonce.t*)

.rela.text
 *(.rela.text)
 *(.rela.text.*)
 *(.rela.gnu.linkonce.t*)

.rel.fini
 *(.rel.fini)

.rela.fini
 *(.rela.fini)

.rel.rodata
 *(.rel.rodata)
 *(.rel.rodata.*)
 *(.rel.gnu.linkonce.r*)

.rela.rodata
 *(.rela.rodata)
 *(.rela.rodata.*)
 *(.rela.gnu.linkonce.r*)

.rel.data
 *(.rel.data)
 *(.rel.data.*)
 *(.rel.gnu.linkonce.d*)

.rela.data
 *(.rela.data)
 *(.rela.data.*)
 *(.rela.gnu.linkonce.d*)

.rel.ctors
 *(.rel.ctors)

.rela.ctors
 *(.rela.ctors)

.rel.dtors
 *(.rel.dtors)

.rela.dtors
 *(.rela.dtors)

.rel.got
 *(.rel.got)

.rela.got
 *(.rela.got)

.rel.bss
 *(.rel.bss)

.rela.bss
 *(.rela.bss)

.rel.plt
 *(.rel.plt)

.rela.plt
 *(.rela.plt)

.text           0x00000000     0x4294
 *(.vectors)
 .vectors       0x00000000      0x1e8 c:/winavr-20100110/bin/../lib/gcc/avr/4.3.3/../../../../avr/lib/avrxmega6/crtx256a3.o
                0x00000000                __vectors
                0x00000000                __vector_default
 *(.vectors)
 *(.progmem.gcc*)
 *(.progmem*)
                0x000001e8                . = ALIGN (0x2)
                0x000001e8                __trampolines_start = .
 *(.trampolines)
 .trampolines   0x000001e8        0x0 linker stubs
 *(.trampolines*)
                0x000001e8                __trampolines_end = .
 *(.jumptables)
 *(.jumptables*)
 *(.lowtext)
 *(.lowtext*)
                0x000001e8                __ctors_start = .
 *(.ctors)
                0x000001e8                __ctors_end = .
                0x000001e8                __dtors_start = .
 *(.dtors)
                0x000001e8                __dtors_end = .
 SORT(*)(.ctors)
 SORT(*)(.dtors)
 *(.init0)
 .init0         0x000001e8        0x0 c:/winavr-20100110/bin/../lib/gcc/avr/4.3.3/../../../../avr/lib/avrxmega6/crtx256a3.o
                0x000001e8                __init
 *(.init0)
 *(.init1)
 *(.init1)
 *(.init2)
 .init2         0x000001e8       0x10 c:/winavr-20100110/bin/../lib/gcc/avr/4.3.3/../../../../avr/lib/avrxmega6/crtx256a3.o
 *(.init2)
 *(.init3)
 *(.init3)
 *(.init4)
 .init4         0x000001f8       0x1a c:/winavr-20100110/bin/../lib/gcc/avr/4.3.3/../../../../avr/lib/avrxmega6/crtx256a3.o
                0x000001f8                __do_copy_data
 .init4         0x00000212       0x10 c:/winavr-20100110/bin/../lib/gcc/avr/4.3.3/avrxmega6\libgcc.a(_clear_bss.o)
                0x00000212                __do_clear_bss
 *(.init4)
 *(.init5)
 *(.init5)
 *(.init6)
 *(.init6)
 *(.init7)
 *(.init7)
 *(.init8)
 *(.init8)
 *(.init9)
 .init9         0x00000222        0x8 c:/winavr-20100110/bin/../lib/gcc/avr/4.3.3/../../../../avr/lib/avrxmega6/crtx256a3.o
 *(.init9)
 *(.text)
 .text          0x0000022a        0x4 c:/winavr-20100110/bin/../lib/gcc/avr/4.3.3/../../../../avr/lib/avrxmega6/crtx256a3.o
                0x0000022a                __vector_38
                0x0000022a                __vector_22
                0x0000022a                __vector_63
                0x0000022a                __vector_28
                0x0000022a                __vector_67
                0x0000022a                __vector_1
                0x0000022a                __vector_119
                0x0000022a                __vector_32
                0x0000022a                __vector_75
                0x0000022a                __vector_71
                0x0000022a                __vector_91
                0x0000022a                __vector_34
                0x0000022a                __vector_62
                0x0000022a                __vector_102
                0x0000022a                __vector_24
                0x0000022a                __vector_12
                0x0000022a                __vector_55
                0x0000022a                __vector_69
                0x0000022a                __vector_90
                0x0000022a                __vector_46
                0x0000022a                __bad_interrupt
                0x0000022a                __vector_72
                0x0000022a                __vector_114
                0x0000022a                __vector_6
                0x0000022a                __vector_110
                0x0000022a                __vector_31
                0x0000022a                __vector_92
                0x0000022a                __vector_35
                0x0000022a                __vector_78
                0x0000022a                __vector_74
                0x0000022a                __vector_117
                0x0000022a                __vector_39
                0x0000022a                __vector_107
                0x0000022a                __vector_3
                0x0000022a                __vector_105
                0x0000022a                __vector_98
                0x0000022a                __vector_23
                0x0000022a                __vector_68
                0x0000022a                __vector_30
                0x0000022a                __vector_73
                0x0000022a                __vector_45
                0x0000022a                __vector_25
                0x0000022a                __vector_93
                0x0000022a                __vector_61
                0x0000022a                __vector_11
                0x0000022a                __vector_54
                0x0000022a                __vector_99
                0x0000022a                __vector_13
                0x0000022a                __vector_56
                0x0000022a                __vector_7
                0x0000022a                __vector_49
                0x0000022a                __vector_41
                0x0000022a                __vector_86
                0x0000022a                __vector_100
                0x0000022a                __vector_101
                0x0000022a                __vector_64
                0x0000022a                __vector_88
                0x0000022a                __vector_109
                0x0000022a                __vector_43
                0x0000022a                __vector_27
                0x0000022a                __vector_5
                0x0000022a                __vector_113
                0x0000022a                __vector_33
                0x0000022a                __vector_76
                0x0000022a                __vector_115
                0x0000022a                __vector_47
                0x0000022a                __vector_52
                0x0000022a                __vector_37
                0x0000022a                __vector_95
                0x0000022a                __vector_103
                0x0000022a                __vector_96
                0x0000022a                __vector_89
                0x0000022a                __vector_108
                0x0000022a                __vector_4
                0x0000022a                __vector_44
                0x0000022a                __vector_106
                0x0000022a                __vector_118
                0x0000022a                __vector_51
                0x0000022a                __vector_9
                0x0000022a                __vector_2
                0x0000022a                __vector_21
                0x0000022a                __vector_15
                0x0000022a                __vector_66
                0x0000022a                __vector_36
                0x0000022a                __vector_58
                0x0000022a                __vector_70
                0x0000022a                __vector_83
                0x0000022a                __vector_29
                0x0000022a                __vector_60
                0x0000022a                __vector_121
                0x0000022a                __vector_40
                0x0000022a                __vector_85
                0x0000022a                __vector_94
                0x0000022a                __vector_8
                0x0000022a                __vector_26
                0x0000022a                __vector_48
                0x0000022a                __vector_116
                0x0000022a                __vector_112
                0x0000022a                __vector_111
                0x0000022a                __vector_84
                0x0000022a                __vector_57
                0x0000022a                __vector_53
                0x0000022a                __vector_10
                0x0000022a                __vector_50
                0x0000022a                __vector_59
                0x0000022a                __vector_97
                0x0000022a                __vector_20
                0x0000022a                __vector_42
                0x0000022a                __vector_87
                0x0000022a                __vector_65
                0x0000022a                __vector_120
 .text          0x0000022e      0x39e board_checkout.o
                0x0000022e                main
 .text          0x000005cc      0x17e adc_driver.o
                0x00000662                ADC_ResultCh_GetHighByte
                0x0000067c                ADC_Wait_32MHz
                0x00000736                SP_ReadCalibrationByte
                0x00000658                ADC_ResultCh_GetLowByte
                0x00000620                ADC_ResultCh_GetWord_Unsigned
                0x000006e0                ADC_Offset_Get_Signed
                0x0000064a                ADC_ResultCh_GetWord
                0x00000632                ADC_ResultCh_GetWord_Signed
                0x000005cc                ADC_CalibrationValues_Load
                0x0000066c                ADC_Wait_8MHz
                0x0000068e                ADC_Offset_Get_Unsigned
 .text          0x0000074a      0x178 clksys_driver.o
                0x00000862                CLKSYS_XOSC_FailureDetection_Enable
                0x00000774                CLKSYS_XOSC_Config
                0x0000074a                CCPWrite
                0x000007da                CLKSYS_Main_ClockSource_Select
                0x00000824                CLKSYS_AutoCalibration_Enable
                0x000007aa                CLKSYS_Prescalers_Config
                0x00000796                CLKSYS_Disable
                0x0000078a                CLKSYS_PLL_Config
                0x00000814                CLKSYS_RTC_ClockSource_Enable
                0x00000892                CLKSYS_Configuration_Lock
 .text          0x000008c2     0x2424 E-000001-000009__firmware_rev_1_0.o
                0x00000fa0                __vector_104
                0x00002804                FRAMWriteKnownsCheck
                0x00000f8c                SPIDisable
                0x00001f06                __vector_77
                0x00001668                CO_collectSeismic3Channel
                0x000009ce                SPIInit
                0x00000958                lowerMuxCS
                0x00000988                setADCInput
                0x00001a90                __vector_81
                0x000019c0                sampleCurrentChannel
                0x00002c52                set_32MHz
                0x0000093c                enableADCMUX
                0x00002824                CO_collectBatt
                0x00002068                calcChecksumFRAM
                0x00000918                HVPower
                0x000010d6                ACC_DCPassEnable
                0x00001c58                __vector_17
                0x00001b80                __vector_19
                0x000008e0                Ext1Power
                0x000008c2                portExCS
                0x00002c7a                set_16MHz
                0x00002822                SDHC_CS
                0x00000da0                PortEx_DIRSET
                0x00000cd4                PortEx_DIRCLR
                0x000008fc                Ext2Power
                0x00002ca2                setXOSC_32MHz
                0x00000f74                SPICS
                0x00001a3c                __vector_82
                0x00002558                FRAMTest1Channel
                0x00000b9e                PortEx_OUTSET
                0x000009fa                set_filter
                0x00001b30                __vector_79
                0x00000970                upperMuxCS
                0x00002a42                CO_collectTemp
                0x000025ca                FRAMTest3Channel
                0x000010f6                CO_collectADC
                0x00000e68                ADCPower
                0x00001fa6                readFRAM
                0x00000c66                set_ampGain
                0x00001822                CO_collectSeismic1Channel
                0x00001ae0                __vector_80
                0x00001f56                __vector_14
                0x00001ca8                __vector_16
                0x00001cf8                writeSE2FRAM
                0x00001c08                __vector_18
                0x00000ad4                PortEx_OUTCLR
                0x00002658                FRAMWriteKnowns
 .text          0x00002ce6        0x0 c:/winavr-20100110/bin/../lib/gcc/avr/4.3.3/avrxmega6\libgcc.a(_mulsi3.o)
 .text          0x00002ce6        0x0 c:/winavr-20100110/bin/../lib/gcc/avr/4.3.3/avrxmega6\libgcc.a(_udivmodhi4.o)
 .text          0x00002ce6        0x0 c:/winavr-20100110/bin/../lib/gcc/avr/4.3.3/avrxmega6\libgcc.a(_divmodhi4.o)
 .text          0x00002ce6        0x0 c:/winavr-20100110/bin/../lib/gcc/avr/4.3.3/avrxmega6\libgcc.a(_udivmodsi4.o)
 .text          0x00002ce6        0x0 c:/winavr-20100110/bin/../lib/gcc/avr/4.3.3/avrxmega6\libgcc.a(_divmodsi4.o)
 .text          0x00002ce6        0x0 c:/winavr-20100110/bin/../lib/gcc/avr/4.3.3/avrxmega6\libgcc.a(_exit.o)
 .text          0x00002ce6        0x0 c:/winavr-20100110/bin/../lib/gcc/avr/4.3.3/avrxmega6\libgcc.a(_clear_bss.o)
 .text          0x00002ce6      0x1f6 c:/winavr-20100110/bin/../lib/gcc/avr/4.3.3/avrxmega6\libgcc.a(_muldi3.o)
                0x00002ce6                __muldi3
 .text          0x00002edc       0xf2 c:/winavr-20100110/bin/../lib/gcc/avr/4.3.3/avrxmega6\libgcc.a(_ashldi3.o)
                0x00002edc                __ashldi3
 .text          0x00002fce       0xfe c:/winavr-20100110/bin/../lib/gcc/avr/4.3.3/avrxmega6\libgcc.a(_ashrdi3.o)
                0x00002fce                __ashrdi3
 .text          0x000030cc     0x1050 c:/winavr-20100110/bin/../lib/gcc/avr/4.3.3/avrxmega6\libgcc.a(_divdi3.o)
                0x000030cc                __divdi3
 .text          0x0000411c        0x0 c:/winavr-20100110/bin/../lib/gcc/avr/4.3.3/avrxmega6\libgcc.a(_prologue.o)
 .text          0x0000411c        0x0 c:/winavr-20100110/bin/../lib/gcc/avr/4.3.3/avrxmega6\libgcc.a(_epilogue.o)
 .text          0x0000411c        0x0 c:/winavr-20100110/bin/../lib/gcc/avr/4.3.3/avrxmega6\libgcc.a(_clz.o)
                0x0000411c                . = ALIGN (0x2)
 *(.text.*)
 .text.libgcc   0x0000411c       0x3e c:/winavr-20100110/bin/../lib/gcc/avr/4.3.3/avrxmega6\libgcc.a(_mulsi3.o)
                0x0000411c                __mulsi3
 .text.libgcc   0x0000415a       0x28 c:/winavr-20100110/bin/../lib/gcc/avr/4.3.3/avrxmega6\libgcc.a(_udivmodhi4.o)
                0x0000415a                __udivmodhi4
 .text.libgcc   0x00004182       0x26 c:/winavr-20100110/bin/../lib/gcc/avr/4.3.3/avrxmega6\libgcc.a(_divmodhi4.o)
                0x00004182                __divmodhi4
                0x00004182                _div
 .text.libgcc   0x000041a8       0x44 c:/winavr-20100110/bin/../lib/gcc/avr/4.3.3/avrxmega6\libgcc.a(_udivmodsi4.o)
                0x000041a8                __udivmodsi4
 .text.libgcc   0x000041ec       0x36 c:/winavr-20100110/bin/../lib/gcc/avr/4.3.3/avrxmega6\libgcc.a(_divmodsi4.o)
                0x000041ec                __divmodsi4
 .text.libgcc   0x00004222        0x0 c:/winavr-20100110/bin/../lib/gcc/avr/4.3.3/avrxmega6\libgcc.a(_exit.o)
 .text.libgcc   0x00004222        0x0 c:/winavr-20100110/bin/../lib/gcc/avr/4.3.3/avrxmega6\libgcc.a(_clear_bss.o)
 .text.libgcc   0x00004222       0x38 c:/winavr-20100110/bin/../lib/gcc/avr/4.3.3/avrxmega6\libgcc.a(_prologue.o)
                0x00004222                __prologue_saves__
 .text.libgcc   0x0000425a       0x36 c:/winavr-20100110/bin/../lib/gcc/avr/4.3.3/avrxmega6\libgcc.a(_epilogue.o)
                0x0000425a                __epilogue_restores__
                0x00004290                . = ALIGN (0x2)
 *(.fini9)
 .fini9         0x00004290        0x0 c:/winavr-20100110/bin/../lib/gcc/avr/4.3.3/avrxmega6\libgcc.a(_exit.o)
                0x00004290                exit
                0x00004290                _exit
 *(.fini9)
 *(.fini8)
 *(.fini8)
 *(.fini7)
 *(.fini7)
 *(.fini6)
 *(.fini6)
 *(.fini5)
 *(.fini5)
 *(.fini4)
 *(.fini4)
 *(.fini3)
 *(.fini3)
 *(.fini2)
 *(.fini2)
 *(.fini1)
 *(.fini1)
 *(.fini0)
 .fini0         0x00004290        0x4 c:/winavr-20100110/bin/../lib/gcc/avr/4.3.3/avrxmega6\libgcc.a(_exit.o)
 *(.fini0)
                0x00004294                _etext = .

.data           0x00802000      0x104 load address 0x00004294
                0x00802000                PROVIDE (__data_start, .)
 *(.data)
 .data          0x00802000        0x0 c:/winavr-20100110/bin/../lib/gcc/avr/4.3.3/../../../../avr/lib/avrxmega6/crtx256a3.o
 .data          0x00802000        0x0 board_checkout.o
 .data          0x00802000        0x0 adc_driver.o
 .data          0x00802000        0x0 clksys_driver.o
 .data          0x00802000        0x3 E-000001-000009__firmware_rev_1_0.o
 .data          0x00802003        0x0 c:/winavr-20100110/bin/../lib/gcc/avr/4.3.3/avrxmega6\libgcc.a(_mulsi3.o)
 .data          0x00802003        0x0 c:/winavr-20100110/bin/../lib/gcc/avr/4.3.3/avrxmega6\libgcc.a(_udivmodhi4.o)
 .data          0x00802003        0x0 c:/winavr-20100110/bin/../lib/gcc/avr/4.3.3/avrxmega6\libgcc.a(_divmodhi4.o)
 .data          0x00802003        0x0 c:/winavr-20100110/bin/../lib/gcc/avr/4.3.3/avrxmega6\libgcc.a(_udivmodsi4.o)
 .data          0x00802003        0x0 c:/winavr-20100110/bin/../lib/gcc/avr/4.3.3/avrxmega6\libgcc.a(_divmodsi4.o)
 .data          0x00802003        0x0 c:/winavr-20100110/bin/../lib/gcc/avr/4.3.3/avrxmega6\libgcc.a(_exit.o)
 .data          0x00802003        0x0 c:/winavr-20100110/bin/../lib/gcc/avr/4.3.3/avrxmega6\libgcc.a(_clear_bss.o)
 .data          0x00802003        0x0 c:/winavr-20100110/bin/../lib/gcc/avr/4.3.3/avrxmega6\libgcc.a(_muldi3.o)
 .data          0x00802003        0x0 c:/winavr-20100110/bin/../lib/gcc/avr/4.3.3/avrxmega6\libgcc.a(_ashldi3.o)
 .data          0x00802003        0x0 c:/winavr-20100110/bin/../lib/gcc/avr/4.3.3/avrxmega6\libgcc.a(_ashrdi3.o)
 .data          0x00802003        0x0 c:/winavr-20100110/bin/../lib/gcc/avr/4.3.3/avrxmega6\libgcc.a(_divdi3.o)
 .data          0x00802003        0x0 c:/winavr-20100110/bin/../lib/gcc/avr/4.3.3/avrxmega6\libgcc.a(_prologue.o)
 .data          0x00802003        0x0 c:/winavr-20100110/bin/../lib/gcc/avr/4.3.3/avrxmega6\libgcc.a(_epilogue.o)
 .data          0x00802003      0x100 c:/winavr-20100110/bin/../lib/gcc/avr/4.3.3/avrxmega6\libgcc.a(_clz.o)
                0x00802003                __clz_tab
 *(.data*)
 *(.rodata)
 *(.rodata*)
 *(.gnu.linkonce.d*)
                0x00802104                . = ALIGN (0x2)
 *fill*         0x00802103        0x1 00
                0x00802104                _edata = .
                0x00802104                PROVIDE (__data_end, .)

.bss            0x00802104     0x2cab
                0x00802104                PROVIDE (__bss_start, .)
 *(.bss)
 .bss           0x00802104        0x0 c:/winavr-20100110/bin/../lib/gcc/avr/4.3.3/../../../../avr/lib/avrxmega6/crtx256a3.o
 .bss           0x00802104        0x0 board_checkout.o
 .bss           0x00802104        0x0 adc_driver.o
 .bss           0x00802104        0x0 clksys_driver.o
 .bss           0x00802104        0x6 E-000001-000009__firmware_rev_1_0.o
                0x00802104                checksumADC
                0x00802107                checksumFRAM
 .bss           0x0080210a        0x0 c:/winavr-20100110/bin/../lib/gcc/avr/4.3.3/avrxmega6\libgcc.a(_mulsi3.o)
 .bss           0x0080210a        0x0 c:/winavr-20100110/bin/../lib/gcc/avr/4.3.3/avrxmega6\libgcc.a(_udivmodhi4.o)
 .bss           0x0080210a        0x0 c:/winavr-20100110/bin/../lib/gcc/avr/4.3.3/avrxmega6\libgcc.a(_divmodhi4.o)
 .bss           0x0080210a        0x0 c:/winavr-20100110/bin/../lib/gcc/avr/4.3.3/avrxmega6\libgcc.a(_udivmodsi4.o)
 .bss           0x0080210a        0x0 c:/winavr-20100110/bin/../lib/gcc/avr/4.3.3/avrxmega6\libgcc.a(_divmodsi4.o)
 .bss           0x0080210a        0x0 c:/winavr-20100110/bin/../lib/gcc/avr/4.3.3/avrxmega6\libgcc.a(_exit.o)
 .bss           0x0080210a        0x0 c:/winavr-20100110/bin/../lib/gcc/avr/4.3.3/avrxmega6\libgcc.a(_clear_bss.o)
 .bss           0x0080210a        0x0 c:/winavr-20100110/bin/../lib/gcc/avr/4.3.3/avrxmega6\libgcc.a(_muldi3.o)
 .bss           0x0080210a        0x0 c:/winavr-20100110/bin/../lib/gcc/avr/4.3.3/avrxmega6\libgcc.a(_ashldi3.o)
 .bss           0x0080210a        0x0 c:/winavr-20100110/bin/../lib/gcc/avr/4.3.3/avrxmega6\libgcc.a(_ashrdi3.o)
 .bss           0x0080210a        0x0 c:/winavr-20100110/bin/../lib/gcc/avr/4.3.3/avrxmega6\libgcc.a(_divdi3.o)
 .bss           0x0080210a        0x0 c:/winavr-20100110/bin/../lib/gcc/avr/4.3.3/avrxmega6\libgcc.a(_prologue.o)
 .bss           0x0080210a        0x0 c:/winavr-20100110/bin/../lib/gcc/avr/4.3.3/avrxmega6\libgcc.a(_epilogue.o)
 .bss           0x0080210a        0x0 c:/winavr-20100110/bin/../lib/gcc/avr/4.3.3/avrxmega6\libgcc.a(_clz.o)
 *(.bss*)
 *(COMMON)
 COMMON         0x0080210a     0x2ca5 E-000001-000009__firmware_rev_1_0.o
                0x0080210a                bankA_OUT
                0x0080210b                FRAMReadBuffer
                0x00803d7c                FRAMAddress
                0x00803d7e                discardCount
                0x00803d7f                data24Bit
                0x00804d7f                temp64
                0x00804d81                SPIBuffer
                0x00804d8e                sampleCount
                0x00804d90                bankA_DIR
                0x00804d91                channelStatus
                0x00804d92                bankB_OUT
                0x00804d93                temp32
                0x00804d95                sumFRAM
                0x00804dad                SPICount
                0x00804dae                bankB_DIR
                0x00804daf                PROVIDE (__bss_end, .)
                0x00004294                __data_load_start = LOADADDR (.data)
                0x00004398                __data_load_end = (__data_load_start + SIZEOF (.data))

.noinit         0x00804daf        0x0
                0x00804daf                PROVIDE (__noinit_start, .)
 *(.noinit*)
                0x00804daf                PROVIDE (__noinit_end, .)
                0x00804daf                _end = .
                0x00804daf                PROVIDE (__heap_start, .)

.eeprom         0x00810000        0x0
 *(.eeprom*)
                0x00810000                __eeprom_end = .

.fuse
 *(.fuse)
 *(.lfuse)
 *(.hfuse)
 *(.efuse)

.lock
 *(.lock*)

.signature
 *(.signature*)

.stab
 *(.stab)

.stabstr
 *(.stabstr)

.stab.excl
 *(.stab.excl)

.stab.exclstr
 *(.stab.exclstr)

.stab.index
 *(.stab.index)

.stab.indexstr
 *(.stab.indexstr)

.comment
 *(.comment)

.debug
 *(.debug)

.line
 *(.line)

.debug_srcinfo
 *(.debug_srcinfo)

.debug_sfnames
 *(.debug_sfnames)

.debug_aranges  0x00000000      0x100
 *(.debug_aranges)
 .debug_aranges
                0x00000000       0x20 board_checkout.o
 .debug_aranges
                0x00000020       0x20 adc_driver.o
 .debug_aranges
                0x00000040       0x20 clksys_driver.o
 .debug_aranges
                0x00000060       0x20 E-000001-000009__firmware_rev_1_0.o
 .debug_aranges
                0x00000080       0x20 c:/winavr-20100110/bin/../lib/gcc/avr/4.3.3/avrxmega6\libgcc.a(_muldi3.o)
 .debug_aranges
                0x000000a0       0x20 c:/winavr-20100110/bin/../lib/gcc/avr/4.3.3/avrxmega6\libgcc.a(_ashldi3.o)
 .debug_aranges
                0x000000c0       0x20 c:/winavr-20100110/bin/../lib/gcc/avr/4.3.3/avrxmega6\libgcc.a(_ashrdi3.o)
 .debug_aranges
                0x000000e0       0x20 c:/winavr-20100110/bin/../lib/gcc/avr/4.3.3/avrxmega6\libgcc.a(_divdi3.o)

.debug_pubnames
                0x00000000      0x74d
 *(.debug_pubnames)
 .debug_pubnames
                0x00000000       0x1b board_checkout.o
 .debug_pubnames
                0x0000001b      0x13b adc_driver.o
 .debug_pubnames
                0x00000156      0x129 clksys_driver.o
 .debug_pubnames
                0x0000027f      0x430 E-000001-000009__firmware_rev_1_0.o
 .debug_pubnames
                0x000006af       0x1f c:/winavr-20100110/bin/../lib/gcc/avr/4.3.3/avrxmega6\libgcc.a(_muldi3.o)
 .debug_pubnames
                0x000006ce       0x20 c:/winavr-20100110/bin/../lib/gcc/avr/4.3.3/avrxmega6\libgcc.a(_ashldi3.o)
 .debug_pubnames
                0x000006ee       0x20 c:/winavr-20100110/bin/../lib/gcc/avr/4.3.3/avrxmega6\libgcc.a(_ashrdi3.o)
 .debug_pubnames
                0x0000070e       0x1f c:/winavr-20100110/bin/../lib/gcc/avr/4.3.3/avrxmega6\libgcc.a(_divdi3.o)
 .debug_pubnames
                0x0000072d       0x20 c:/winavr-20100110/bin/../lib/gcc/avr/4.3.3/avrxmega6\libgcc.a(_clz.o)

.debug_info     0x00000000     0x5527
 *(.debug_info)
 .debug_info    0x00000000      0x646 board_checkout.o
 .debug_info    0x00000646      0xbbe adc_driver.o
 .debug_info    0x00001204      0x64a clksys_driver.o
 .debug_info    0x0000184e     0x2fd6 E-000001-000009__firmware_rev_1_0.o
 .debug_info    0x00004824      0x206 c:/winavr-20100110/bin/../lib/gcc/avr/4.3.3/avrxmega6\libgcc.a(_muldi3.o)
 .debug_info    0x00004a2a      0x17f c:/winavr-20100110/bin/../lib/gcc/avr/4.3.3/avrxmega6\libgcc.a(_ashldi3.o)
 .debug_info    0x00004ba9      0x17f c:/winavr-20100110/bin/../lib/gcc/avr/4.3.3/avrxmega6\libgcc.a(_ashrdi3.o)
 .debug_info    0x00004d28      0x756 c:/winavr-20100110/bin/../lib/gcc/avr/4.3.3/avrxmega6\libgcc.a(_divdi3.o)
 .debug_info    0x0000547e       0xa9 c:/winavr-20100110/bin/../lib/gcc/avr/4.3.3/avrxmega6\libgcc.a(_clz.o)
 *(.gnu.linkonce.wi.*)

.debug_abbrev   0x00000000      0xd67
 *(.debug_abbrev)
 .debug_abbrev  0x00000000       0x73 board_checkout.o
 .debug_abbrev  0x00000073      0x2cc adc_driver.o
 .debug_abbrev  0x0000033f      0x1e4 clksys_driver.o
 .debug_abbrev  0x00000523      0x36f E-000001-000009__firmware_rev_1_0.o
 .debug_abbrev  0x00000892       0xf0 c:/winavr-20100110/bin/../lib/gcc/avr/4.3.3/avrxmega6\libgcc.a(_muldi3.o)
 .debug_abbrev  0x00000982       0xee c:/winavr-20100110/bin/../lib/gcc/avr/4.3.3/avrxmega6\libgcc.a(_ashldi3.o)
 .debug_abbrev  0x00000a70       0xee c:/winavr-20100110/bin/../lib/gcc/avr/4.3.3/avrxmega6\libgcc.a(_ashrdi3.o)
 .debug_abbrev  0x00000b5e      0x19f c:/winavr-20100110/bin/../lib/gcc/avr/4.3.3/avrxmega6\libgcc.a(_divdi3.o)
 .debug_abbrev  0x00000cfd       0x6a c:/winavr-20100110/bin/../lib/gcc/avr/4.3.3/avrxmega6\libgcc.a(_clz.o)

.debug_line     0x00000000     0x26ec
 *(.debug_line)
 .debug_line    0x00000000      0x28e board_checkout.o
 .debug_line    0x0000028e      0x3f7 adc_driver.o
 .debug_line    0x00000685      0x274 clksys_driver.o
 .debug_line    0x000008f9     0x18f2 E-000001-000009__firmware_rev_1_0.o
 .debug_line    0x000021eb       0xaf c:/winavr-20100110/bin/../lib/gcc/avr/4.3.3/avrxmega6\libgcc.a(_muldi3.o)
 .debug_line    0x0000229a       0xd7 c:/winavr-20100110/bin/../lib/gcc/avr/4.3.3/avrxmega6\libgcc.a(_ashldi3.o)
 .debug_line    0x00002371       0xd7 c:/winavr-20100110/bin/../lib/gcc/avr/4.3.3/avrxmega6\libgcc.a(_ashrdi3.o)
 .debug_line    0x00002448      0x228 c:/winavr-20100110/bin/../lib/gcc/avr/4.3.3/avrxmega6\libgcc.a(_divdi3.o)
 .debug_line    0x00002670       0x7c c:/winavr-20100110/bin/../lib/gcc/avr/4.3.3/avrxmega6\libgcc.a(_clz.o)

.debug_frame    0x00000000      0x510
 *(.debug_frame)
 .debug_frame   0x00000000       0x20 board_checkout.o
 .debug_frame   0x00000020       0xc0 adc_driver.o
 .debug_frame   0x000000e0       0xb0 clksys_driver.o
 .debug_frame   0x00000190      0x300 E-000001-000009__firmware_rev_1_0.o
 .debug_frame   0x00000490       0x20 c:/winavr-20100110/bin/../lib/gcc/avr/4.3.3/avrxmega6\libgcc.a(_muldi3.o)
 .debug_frame   0x000004b0       0x20 c:/winavr-20100110/bin/../lib/gcc/avr/4.3.3/avrxmega6\libgcc.a(_ashldi3.o)
 .debug_frame   0x000004d0       0x20 c:/winavr-20100110/bin/../lib/gcc/avr/4.3.3/avrxmega6\libgcc.a(_ashrdi3.o)
 .debug_frame   0x000004f0       0x20 c:/winavr-20100110/bin/../lib/gcc/avr/4.3.3/avrxmega6\libgcc.a(_divdi3.o)

.debug_str      0x00000000     0x3291
 *(.debug_str)
 .debug_str     0x00000000      0x669 board_checkout.o
                                0x6a5 (size before relaxing)
 .debug_str     0x00000669      0x6fc adc_driver.o
                                0x82c (size before relaxing)
 .debug_str     0x00000d65      0x5e6 clksys_driver.o
                                0x6fc (size before relaxing)
 .debug_str     0x0000134b     0x1e0e E-000001-000009__firmware_rev_1_0.o
                               0x2538 (size before relaxing)
 .debug_str     0x00003159       0xb8 c:/winavr-20100110/bin/../lib/gcc/avr/4.3.3/avrxmega6\libgcc.a(_muldi3.o)
                                0x144 (size before relaxing)
 .debug_str     0x00003211       0x23 c:/winavr-20100110/bin/../lib/gcc/avr/4.3.3/avrxmega6\libgcc.a(_ashldi3.o)
                                0x136 (size before relaxing)
 .debug_str     0x00003234        0xa c:/winavr-20100110/bin/../lib/gcc/avr/4.3.3/avrxmega6\libgcc.a(_ashrdi3.o)
                                0x136 (size before relaxing)
 .debug_str     0x0000323e       0x53 c:/winavr-20100110/bin/../lib/gcc/avr/4.3.3/avrxmega6\libgcc.a(_divdi3.o)
                                0x18e (size before relaxing)
 .debug_str     0x00000000       0xf9 c:/winavr-20100110/bin/../lib/gcc/avr/4.3.3/avrxmega6\libgcc.a(_clz.o)

.debug_loc      0x00000000     0x1ed1
 *(.debug_loc)
 .debug_loc     0x00000000      0x2f8 adc_driver.o
 .debug_loc     0x000002f8       0x6f clksys_driver.o
 .debug_loc     0x00000367      0xa3d E-000001-000009__firmware_rev_1_0.o
 .debug_loc     0x00000da4       0xcc c:/winavr-20100110/bin/../lib/gcc/avr/4.3.3/avrxmega6\libgcc.a(_muldi3.o)
 .debug_loc     0x00000e70       0xf8 c:/winavr-20100110/bin/../lib/gcc/avr/4.3.3/avrxmega6\libgcc.a(_ashldi3.o)
 .debug_loc     0x00000f68       0xf8 c:/winavr-20100110/bin/../lib/gcc/avr/4.3.3/avrxmega6\libgcc.a(_ashrdi3.o)
 .debug_loc     0x00001060      0xe71 c:/winavr-20100110/bin/../lib/gcc/avr/4.3.3/avrxmega6\libgcc.a(_divdi3.o)

.debug_macinfo
 *(.debug_macinfo)
OUTPUT(board_checkout.elf elf32-avr)
LOAD linker stubs

.debug_ranges   0x00000000       0x90
 .debug_ranges  0x00000000       0x60 adc_driver.o
 .debug_ranges  0x00000060       0x18 E-000001-000009__firmware_rev_1_0.o
 .debug_ranges  0x00000078       0x18 c:/winavr-20100110/bin/../lib/gcc/avr/4.3.3/avrxmega6\libgcc.a(_divdi3.o)
